C51 COMPILER V7.08   MAIN                                                                  06/01/2024 16:43:14 PAGE 1   


C51 COMPILER V7.08, COMPILATION OF MODULE MAIN
OBJECT MODULE PLACED IN main.OBJ
COMPILER INVOKED BY: C:\Keil\C51\BIN\C51.EXE main.c BROWSE DEBUG OBJECTEXTEND

line level    source

   1          #include <reg52.h> //包含標頭檔，一般情況不需要改動，標頭檔包含特殊功能寄存器的定義 
   2          #include <stdlib.h>
   3          #include <string.h>
   4          #include "uart.h"
   5          #include "delay.h"
   6          #include "keyscan.h"
   7          typedef unsigned char byte;
   8          typedef unsigned int  word;
   9          
  10          #define DataPort P0 //定義資料埠 
  11          #define KeyPort P1      //定義鍵盤埠
  12          sbit k1 = P2 ^ 0;
  13          sbit k2 = P2 ^ 1;
  14          sbit SPK = P2 ^ 2;  //定義音樂輸出埠
  15          sbit LATCH1 = P2 ^ 7;   //定義鎖存使能埠 段鎖存
  16          sbit LATCH2 = P2 ^ 6;   //               位鎖存
  17          
  18          unsigned char code dofly_DuanMa[] = { 0x3f,0x06,0x5b,0x4f,0x66,0x6d,0x7d,0x07,0x7f,0x6f,
  19                                               0x77,0x7c,0x39,0x5e,0x79,0x71 };      // 段碼0~F
  20          unsigned char code dofly_WeiMa[] = { 0xfe,0xfd,0xfb,0xf7,0xef,0xdf,0xbf,0x7f };//位碼
  21          byte TempData[10];
  22          word mynum[4];
  23          bit catchable=0;
  24          
  25          // state
  26          #define WAIT 0
  27          #define PREPARE 1
  28          #define GUESS 2
  29          #define END 4
  30          
  31          
  32          
  33          /*------------------------------------------------
  34                              計時器初始化副程式
  35          ------------------------------------------------*/
  36          void Init_Timer0(void) {
  37   1          TMOD |= 0x01;//使用模式1，16位元計時器，使用"|"符號可以在使用多個計時器時不受影響
  38   1          EA = 1;      //總中斷打開
  39   1          ET0 = 1;     //計時器中斷打開
  40   1          TR0 = 1;     //計時器開關打開
  41   1      }
  42          /*------------------------------------------------
  43           顯示函數，用於動態掃瞄數碼管
  44          ------------------------------------------------*/
  45          void Display(unsigned char FirstBit, unsigned char Num) {
  46   1          static unsigned char i = 0;
  47   1      
  48   1          DataPort = 0;   //清空資料，防止有交替重影
  49   1          LATCH1 = 1;     //段鎖存
  50   1          LATCH1 = 0;
  51   1      
  52   1          DataPort = dofly_WeiMa[i + FirstBit]; //取位碼 
  53   1          LATCH2 = 1;     //位鎖存
  54   1          LATCH2 = 0;
  55   1      
C51 COMPILER V7.08   MAIN                                                                  06/01/2024 16:43:14 PAGE 2   

  56   1          DataPort = TempData[i]; //取顯示資料，段碼
  57   1          LATCH1 = 1;     //段鎖存
  58   1          LATCH1 = 0;
  59   1      
  60   1          i++;
  61   1          if (i == Num)
  62   1              i = 0;
  63   1      }
  64          /*------------------------------------------------
  65                           計時器中斷副程式
  66          ------------------------------------------------*/
  67          void Timer0_isr(void) interrupt 1
  68          {
  69   1          TH0 = (65536 - 2000) / 256;           //重新賦值 2ms
  70   1          TL0 = (65536 - 2000) % 256;
  71   1          Display(0, 8);       // 調用數碼管掃瞄
  72   1          TF1 = 0;
  73   1      }
  74          char* itos(word x){
  75   1              if(x==10)return 'A';
  76   1              else return x+'0';
  77   1      }
  78          void main(void) {
  79   1          word i, j;
  80   1              word state;
  81   1              byte key;
  82   1              word guess_cnt=0, guess_num=0;
  83   1          InitUART();
  84   1          Init_Timer0();
  85   1          ES = 1;                  //打開串口中斷
  86   1          while (1) {
  87   2                      key = KeyPro();
  88   2              if (rec_flag == 1) {// 有UART輸入
  89   3                  for (i = 0;i < 8;j++) TempData[i] = 0; //清屏
  90   3                  buf[head] = '\0';
  91   3                              if(buf[0]=='W'){// 猜對
  92   4                                      //顯示True
  93   4                                      state=PREPARE;
  94   4                              }
  95   3                              else if(buf[0]=='L'){// 猜錯
  96   4                                      //顯示False
  97   4                                      state=PREPARE;
  98   4                              }
  99   3                              else if(buf[0]=='G'){// 每輪結束
 100   4                                      //顯示結果
 101   4                                      state=END;
 102   4                              }
 103   3                              else if(buf[0]>='0' && buf[0]<='6'){//得到我的數字
 104   4                                      //顯示我的數字
 105   4                                      state=WAIT;
 106   4                              }
 107   3                              else if(buf[0]=='T'){// 輪到我猜
 108   4                                      //顯示guess
 109   4                                      state=GUESS;
 110   4                              }
 111   3                              else if(buf[0]=='O'){// 接收對方猜
 112   4                                      catchable=1;
 113   4                                      state=GUESS;
 114   4                              }
 115   3                  rec_flag = 0;
 116   3                  head = 0;
 117   3              }
C51 COMPILER V7.08   MAIN                                                                  06/01/2024 16:43:14 PAGE 3   

 118   2                      if(key!=0xff){// 有鍵盤輸入
 119   3                              if(state==GUESS){// 猜測
 120   4                                      if(key>=1 && key<=10){
 121   5                                              while(key!=15){
 122   6                                                      if(key>=1 && key<=10) guess_cnt = key;
 123   6                                                      key = KeyPro();
 124   6                                                      while(key==0xff)key = KeyPro();
 125   6                                              }
 126   5                                              key = KeyPro();
 127   5                                              while(~(key>=1 && key<=6))key = KeyPro();
 128   5                                              while(key!=15){
 129   6                                                      if(key>=1 && key<=6) guess_num = key;
 130   6                                                      key = KeyPro();
 131   6                                                      while(key==0xff)key = KeyPro();
 132   6                                              }
 133   5                                              UART_SendStr(strcat(itos(guess_cnt),itos(guess_num)));//傳送猜測
 134   5                                              state=WAIT;
 135   5                                      }
 136   4                                      else if(key==15 && catchable){// 抓
 137   5                                              UART_SendStr("STOP");
 138   5                                              catchable = 0;
 139   5                                              state=WAIT;
 140   5                                      }
 141   4                              }
 142   3                              else if(state==PREPARE){
 143   4                                      if(key==15){
 144   5                                              UART_SendStr("READY");//準備完成
 145   5                                              state=WAIT;
 146   5                                      }
 147   4                              }
 148   3                      }
 149   2                      if(state==END)break;
 150   2          }
 151   1      }


MODULE INFORMATION:   STATIC OVERLAYABLE
   CODE SIZE        =    522    ----
   CONSTANT SIZE    =     35    ----
   XDATA SIZE       =   ----    ----
   PDATA SIZE       =   ----    ----
   DATA SIZE        =     19       9
   IDATA SIZE       =   ----    ----
   BIT SIZE         =      1    ----
END OF MODULE INFORMATION.


C51 COMPILATION COMPLETE.  0 WARNING(S),  0 ERROR(S)
